[inet.detik.com/consumer/d-6986090/bocoran-terbaru-spesifikasi-xiaomi-14-bikin-tergoda.html]
[cdn.detik.net.id/assets/js/jquery-min-3.2.1be28.js]
[backblue.gif]
[fade.gif]
[index.html]
[inet.detik.com/consumer/d-6986090/bocoran-terbaru-spesifikasi-xiaomi-14-bikin-tergoda/amp.html]
[akcdn.detik.net.id/api/wm/2023/10/14/xiaomi-14-pro-1_169cdb5.jpg]
[akcdn.detik.net.id/api/wm/2023/10/14/xiaomi-14-pro-1_16980fa.jpg]
[applets.ebxcdn.com/ebx.js]
[cdn.detik.net.id/libs/livecounter/detikLiveUserCounterResponse7108.js]
[post.detik.com/formv1/js/liveValidate.js]
[cdn.detik.net.id/assets/css/placeholderbe28.css]
[cdn.detik.net.id/commerce/desktop/css/detik.ads-new.css]
[cdn.detik.net.id/commerce/commerce/dtk_commerce.js]
[securepubads.g.doubleclick.net/tag/js/f.txt]
[micro.rubiconproject.com/prebid/dynamic/11530.js]
[cdnstatic.detik.com/live/_rmbassets/newsfeed/detikRedesign.css]
[cdnstatic.detik.com/live/_rmbassets/newsfeed/detikRedesign2.css]
[cdn.insurads.com/bootstrap/S9H7OMZB.js]
[cdn.unblockia.com/h.js]
[cdn.detik.net.id/inet2/css/detailbe28.css]
[cdn.detik.net.id/libs/sharebox/js/shareBox7108.js]
[cdn.detik.net.id/assets/css/framebar/framebarbe28.css]
[cdn.detik.net.id/assets/css/framebar/autocompletebe28.css]
[akcdn.detik.net.id/community/media/visual/2020/09/17/logo-detikinet2d2b.png]
[cdn.detik.net.id/assets/images/favicon/favicon-detik-bigbe28.png]
[akcdn.detik.net.id/community/media/visual/2023/10/14/xiaomi-14-pro-1_169f5be.jpg]
[cdnstatic.detik.com/live/_rmbassets/scrollpage/scrollpage.css]
[akcdn.detik.net.id/community/media/visual/2023/10/18/cristian-romero_1692ec1.jpg]
[akcdn.detik.net.id/community/media/visual/2023/10/18/kocak-netizen-kompak-sebut-pedagang-papeda-ini-mirip-pangeran-mateen_1692ec1.jpg]
[akcdn.detik.net.id/community/media/visual/2023/10/16/marc-marquez-alex-marquez_1692ec1.jpg]
[akcdn.detik.net.id/community/media/visual/2023/04/19/lapor-pak-1_1692ec1.jpg]
[akcdn.detik.net.id/community/media/visual/2022/02/24/ilustrasi-bayi-1_1692ec1.jpg]
[akcdn.detik.net.id/community/media/visual/2021/09/27/penampakan-bandara-kertajati-yang-mati-suri_1692ec1.jpg]
[akcdn.detik.net.id/community/media/visual/2023/10/17/ahmad-muzani_1692ec1.jpg]
[akcdn.detik.net.id/community/media/visual/2017/01/23/6ed09365-8341-4f97-8cb3-272dbe0f57ff_1692ec1.jpg]
[cdn.detik.net.id/libs/comment/v2/js/bridge5f6c.js]
[cdnstatic.detik.com/live/_rmbassets/mr1-scrollpage/scrollpage.css]
[cdn.detik.net.id/libs/comment/v2/js/zoid.min5f6c.js]
[cdnstatic.detik.com/live/_rmbassets/mr2-scrollpage/scrollpage.css]
[cdn.detik.net.id/assets/js/navbar-sticky-eventbe28.js]
[cdn.detik.net.id/assets/js/sticky-share-eventbe28.js]
[cdn.detik.net.id/assets/js/liquidimagebe28.js]
[cdn.detik.net.id/assets/js/detik.v3be28.js]
[cdn.detik.net.id/assets/js/zoomimgbe28.js]
[cdn.detik.net.id/assets/js/linkcopiedpopbe28.js]
[cdn.detik.net.id/assets/js/iframeresizerbe28.js]
[cdn.detik.net.id/assets/js/oembed.itp.v2be28.js]
[inet.detik.com/consumer/d-6986090/bocoran-terbaru-spesifikasi-xiaomi-14-bikin-tergoda.html]
[cdn.detik.net.id/commerce/desktop/js/detik.ads.controller-new.js]
[cdn.ampproject.org/v0.js]
[akcdn.detik.net.id/community/media/visual/2023/10/14/xiaomi-14-pro-1_1693c94.jpg]
[akcdn.detik.net.id/community/media/visual/2023/10/14/xiaomi-14-pro-1_1695a82.jpg]
[cdn.ampproject.org/v0/amp-ad-0.1.js]
[cdn.ampproject.org/v0/amp-sticky-ad-1.0.js]
[cdn.ampproject.org/v0/amp-carousel-0.1.js]
[cdn.ampproject.org/v0/amp-lightbox-0.1.js]
[cdn.ampproject.org/v0/amp-fx-flying-carpet-0.1.js]
[cdn.ampproject.org/v0/amp-social-share-0.1.js]
[cdn.ampproject.org/v0/amp-iframe-0.1.js]
[cdn.ampproject.org/v0/amp-user-notification-0.1.js]
[cdn.ampproject.org/v0/amp-selector-0.1.js]
[cdn.ampproject.org/v0/amp-list-0.1.js]
[cdn.ampproject.org/v0/amp-mustache-0.2.js]
[cdn.ampproject.org/v0/amp-analytics-0.1.js]
[cdn.ampproject.org/v0/amp-sidebar-0.1.js]
[cdn.ampproject.org/v0/amp-bind-0.1.js]
[cdn.ampproject.org/v0/amp-instagram-0.1.js]
[cdn.ampproject.org/v0/amp-twitter-0.1.js]
[cdn.ampproject.org/v0/amp-fit-text-0.1.js]
[cdn.ampproject.org/v0/amp-youtube-0.1.js]
[cdn.ampproject.org/v0/amp-facebook-0.1.js]
[cdn.detik.net.id/libs/assets/images/framebar/user_default.png]
[cdnv.detik.com/videoservice/AdminTV/2023/10/18/0c91f44f38144d1fb2ece85d53fef255-20231018155311-0sb2fc.jpg]
[cdnv.detik.com/videoservice/AdminTV/2023/10/18/f44c14a1888944f098fc4674fc90b499-20231018141350-0sb2fc.jpg]
[cdnv.detik.com/videoservice/AdminTV/2023/10/18/65e0afc8a45c4242a2bdceb699107ba5-20231018123956-0sb2fc.jpg]
[cdnv.detik.com/videoservice/AdminTV/2023/10/18/00937cbd3b1446408923d4df4699f24e-20231018081341-0sb2fc.jpg]
[akcdn.detik.net.id/community/media/visual/2023/10/08/final-ffml-season-8-hadir-di-jakarta-velodrome-emang-boleh-semegah-ini-4_169b2fc.jpg]
[inet.detik.com/consumer/d-6986090/bocoran-terbaru-spesifikasi-xiaomi-14-bikin-tergoda/amp.html]
[post.detik.com/formv1/js/liveValidate.js]
[cdn.detik.net.id/assets/css/placeholderbe28.css]
[cdn.detik.net.id/commerce/desktop/css/detik.ads-new.css]
[cdnstatic.detik.com/live/_rmbassets/newsfeed/detikRedesign.css]
[cdnstatic.detik.com/live/_rmbassets/newsfeed/detikRedesign2.css]
[cdn.insurads.com/bootstrap/S9H7OMZB.js]
[akcdn.detik.net.id/community/media/visual/2023/09/30/xiaomi-13t-launch-4_169b2fc.jpg]
[pagead2.googlesyndication.com/pagead/js/f67b8.txt]
[securepubads.g.doubleclick.net/tag/js/fefd6.txt]
[inet.detik.com/consumer/d-6986090/robots.txt]
[cdn.unblockia.com/proxies.js]
[inet.detik.com/consumer/d-6986090/window[_0x536a7c(0x19c]
[inet.detik.com/consumer/d-6986090/window[_0x40f6de(0x19c]
[cdn.unblockia.com/h.js]
[www.googletagmanager.com/gtm5445.html]
[cdn.detik.net.id/inet2/images/path-down.png]
[cdn.detik.net.id/inet2/css/detailbe28.css]
[cdn.detik.net.id/assets/css/images/icon-sprite.png]
[cdn.detik.net.id/assets/css/framebar/framebarbe28.css]
[cdn.detik.net.id/assets/css/framebar/autocompletebe28.css]
[cdnstatic.detik.com/live/_rmbassets/scrollpage/scrollpage.css]
[cdnstatic.detik.com/live/_rmbassets/mr1-scrollpage/scrollpage.css]
[cdnstatic.detik.com/live/_rmbassets/mr2-scrollpage/scrollpage.css]
[inet.detik.com/consumer/d-6986090/robots.html]
[inet.detik.com/consumer/d-6986090/window[_0x536a7c(0x19c.html]
[inet.detik.com/consumer/d-6986090/window[_0x40f6de(0x19c.html]
[cdn.detik.net.id/inet2/images/prev-headline.png]
[cdn.detik.net.id/inet2/images/next-headline.png]
[cdn.detik.net.id/assets/css/framebar/img/loader.gif]
